
transaction: system execution failed.
Following is the set of recorded exceptions:

******************************** Thread exception *****************************
In thread           Root thread            0x0 (thread id)
*******************************************************************************
-------------------------------------------------------------------------------
Class / Object      Routine                Nature of exception           Effect
-------------------------------------------------------------------------------
MONGODB_CLIENT_SESSION
                    error_string @1        was_error:
<000001CEE7CFCCB8>  (From MONGODB_WRAPPER_BASE)
                                           Precondition violated.        Fail
-------------------------------------------------------------------------------
APPLICATION         execute_transaction @3                              
<000001CEE7CFC588>                         Routine failure.              Fail
-------------------------------------------------------------------------------
APPLICATION         make @29                                            
<000001CEE7CFC588>                         Routine failure.              Fail
-------------------------------------------------------------------------------
APPLICATION         root's creation                                     
<000001CEE7CFC588>                         Routine failure.              Exit
-------------------------------------------------------------------------------
